<html>
<body>
<pre>
<h1>µVision Build Log</h1>
<h2>Tool Versions:</h2>
IDE-Version: ¦ÌVision V5.41.0.0
Copyright (C) 2024 ARM Ltd and ARM Germany GmbH. All rights reserved.
License Information: 1 715513618@qq.com, 1, LIC=QF82M-XVIQB-HLXCL-0G2FU-PA1NP-7MDZC
 
Tool Versions:
Toolchain:       MDK-ARM Plus  Version: 5.41.0.0
Toolchain Path:  C:\Users\71551\Desktop\keil5\ARM\ARM_Complier_5.06u7\Bin
C Compiler:      Armcc.exe V5.06 update 7 (build 960)
Assembler:       Armasm.exe V5.06 update 7 (build 960)
Linker/Locator:  ArmLink.exe V5.06 update 7 (build 960)
Library Manager: ArmAr.exe V5.06 update 7 (build 960)
Hex Converter:   FromElf.exe V5.06 update 7 (build 960)
CPU DLL:         SARMCM3.DLL V5.41.0.0
Dialog DLL:      DCM.DLL V1.17.5.0
Target DLL:      CMSIS_AGDI.dll V1.33.21.0
Dialog DLL:      TCM.DLL V1.56.4.0
 
<h2>Project:</h2>
C:\Users\71551\Desktop\STM32PROJECT\game (3) (2)\MDK-ARM\game.uvprojx
Project File Date:  08/16/2025

<h2>Output:</h2>
*** Using Compiler 'V5.06 update 7 (build 960)', folder: 'C:\Users\71551\Desktop\keil5\ARM\ARM_Complier_5.06u7\Bin'
Build target 'game'
compiling KEY_APP.c...
..\APP\Game_Manager.h(26): warning:  #1-D: last line of file ends without a newline
  #endif
..\APP\KEY_APP.c(82): warning:  #1-D: last line of file ends without a newline
  }
..\APP\KEY_APP.c: 2 warnings, 0 errors
linking...
Program Size: Code=168274 RO-data=47866 RW-data=768 ZI-data=97128  
FromELF: creating hex file...
"game\game.axf" - 0 Error(s), 2 Warning(s).

<h2>Software Packages used:</h2>

Package Vendor: ARM
                http://www.keil.com/pack/ARM.CMSIS.5.4.0.pack
                ARM::CMSIS@5.4.0
                CMSIS (Cortex Microcontroller Software Interface Standard)
   * Component: CORE Version: 5.1.2

Package Vendor: Keil
                https://www.keil.com/pack/Keil.STM32F4xx_DFP.3.0.0.pack
                Keil::STM32F4xx_DFP@3.0.0
                STMicroelectronics STM32F4 Series Device Support

<h2>Collection of Component include folders:</h2>
  ./RTE/_game
  C:/Users/71551/Desktop/keil5/ARM/CMSIS/5.4.0/CMSIS/Core/Include

<h2>Collection of Component Files used:</h2>

   * Component: ARM::CMSIS:CORE@5.1.2
Build Time Elapsed:  00:00:10
</pre>
</body>
</html>
